VI297398@D-113094685 MINGW64 /d/MyApplication/WORKSPACE/SpringBootMavenSpringMvc                                                                                                                 (master)
$ git status
On branch master
Your branch is up-to-date with 'origin/master'.
Changes to be committed:
  (use "git reset HEAD <file>..." to unstage)

        modified:   .project
        modified:   pom.xml
        new file:   src/main/java/com/springboot/MainApp.java
        new file:   src/main/java/com/springboot/controller/HelloController.java
        modified:   src/main/java/com/springboot/test/HelloMaven.java
        new file:   src/main/resources/application.properties
        new file:   src/main/resources/static/css/style.css
        new file:   src/main/resources/static/js/app.js
        new file:   src/main/webapp/WEB-INF/views/hello.jsp
        new file:   src/main/webapp/WEB-INF/views/index.jsp


VI297398@D-113094685 MINGW64 /d/MyApplication/WORKSPACE/SpringBootMavenSpringMvc (master)
$ git add .

VI297398@D-113094685 MINGW64 /d/MyApplication/WORKSPACE/SpringBootMavenSpringMvc (master)
$ git status
On branch master
Your branch is up-to-date with 'origin/master'.
Changes to be committed:
  (use "git reset HEAD <file>..." to unstage)

        modified:   .project
        modified:   pom.xml
        new file:   src/main/java/com/springboot/MainApp.java
        new file:   src/main/java/com/springboot/controller/HelloController.java
        modified:   src/main/java/com/springboot/test/HelloMaven.java
        new file:   src/main/resources/application.properties
        new file:   src/main/resources/static/css/style.css
        new file:   src/main/resources/static/js/app.js
        new file:   src/main/webapp/WEB-INF/views/hello.jsp
        new file:   src/main/webapp/WEB-INF/views/index.jsp


VI297398@D-113094685 MINGW64 /d/MyApplication/WORKSPACE/SpringBootMavenSpringMvc (master)
$ git commit -m "modified"
[master 7925d0c] modified
 10 files changed, 128 insertions(+), 30 deletions(-)
 create mode 100644 src/main/java/com/springboot/MainApp.java
 create mode 100644 src/main/java/com/springboot/controller/HelloController.java
 create mode 100644 src/main/resources/application.properties
 create mode 100644 src/main/resources/static/css/style.css
 create mode 100644 src/main/resources/static/js/app.js
 create mode 100644 src/main/webapp/WEB-INF/views/hello.jsp
 create mode 100644 src/main/webapp/WEB-INF/views/index.jsp

VI297398@D-113094685 MINGW64 /d/MyApplication/WORKSPACE/SpringBootMavenSpringMvc (master)
$ git status
On branch master
Your branch is ahead of 'origin/master' by 1 commit.
  (use "git push" to publish your local commits)
nothing to commit, working tree clean

VI297398@D-113094685 MINGW64 /d/MyApplication/WORKSPACE/SpringBootMavenSpringMvc (master)
$ git push origin master
fatal: HttpRequestException encountered.
   An error occurred while sending the request.
Username for 'https://github.com': vijchouhan
Counting objects: 26, done.
Delta compression using up to 4 threads.
Compressing objects: 100% (17/17), done.
Writing objects: 100% (26/26), 3.00 KiB | 0 bytes/s, done.
Total 26 (delta 4), reused 0 (delta 0)
remote: Resolving deltas: 100% (4/4), completed with 3 local objects.
To https://github.com/vijchouhan/SpringBootMavenSpringMvc.git
   2c880a1..7925d0c  master -> master

VI297398@D-113094685 MINGW64 /d/MyApplication/WORKSPACE/SpringBootMavenSpringMvc (master)
$ git status
On branch master
Your branch is up-to-date with 'origin/master'.
nothing to commit, working tree clean

VI297398@D-113094685 MINGW64 /d/MyApplication/WORKSPACE/SpringBootMavenSpringMvc (master)
$
